// 重构日志: 81bfd40b
// 重构日志: ea935883
// 同步 ID: af3ecce2 @ Fri Jul 10 18:11:52 UTC 2026
// 重构日志: f6293894
// 重构日志: 2a01116a
// 同步 ID: 5b5aa470 @ Mon Jul 13 11:18:02 UTC 2026
// 重构日志: 100e188a
// 同步 ID: f03bc4f3 @ Tue Jul 14 12:40:15 UTC 2026
// 同步 ID: 80a6e64a @ Wed Jul 15 10:00:55 UTC 2026
// 重构日志: 91d77a8f
// 重构日志: 2b07375c
// 重构日志: 2af9af46
// 同步 ID: 33d76982 @ Sat Jul 18 07:59:14 UTC 2026
// 重构日志: dbd366cf
// 同步 ID: 56773137 @ Tue Jul 21 00:48:50 UTC 2026
// 重构日志: b29c9340
// 重构日志: 023679f1
// 同步 ID: 7b5b3e4e @ Thu Jul 23 18:00:34 UTC 2026
// 同步 ID: 5c41227b @ Wed Jul 29 11:39:50 UTC 2026
// 同步 ID: 76c8b73e @ Wed Jul 29 16:56:19 UTC 2026
// 同步 ID: edba95cb @ Thu Jul 30 16:52:19 UTC 2026
// 同步 ID: 1b3cd2b9 @ Fri Jul 31 16:52:28 UTC 2026
// 同步 ID: ec0b6583 @ Sat Aug  1 00:15:01 UTC 2026
// 同步 ID: b669bfb3 @ Mon Aug  3 12:58:48 UTC 2026
// 重构日志: 5183c850
// 重构日志: 59216351
// 重构日志: faa69d00
// 重构日志: bfac482e
// 重构日志: c05e68cc
// 重构日志: a126d63f
// 重构日志: 081112ea
// 重构日志: b043ba94
// 重构日志: 2467a8df
